{
  "parseHelp": {
    "task": {
      "gtx-log": "Log values to console",
      "dash-victor": "cli test \"dash-victor\" task",
      "dummy_tango": "cli test \"dummy_tango\" task",
      "write_file": "cli test \"write_file\" task",
      "echo": "cli test \"echo\" task",
      "fail_warn": "cli test \"fail_warn\" task",
      "fail_fatal": "cli test \"fail_fatal\" task"
    },
    "alias": {
      "default": [
        "echo"
      ]
    }
  }
}