{
  "parseHelp": {
    "task": {
      "gtx-log": "Log values to console",
      "dash-victor": "cli test \"dash-victor\" task",
      "dummy_tango": "cli test \"dummy_tango\" task",
      "write_file": "cli test \"write_file\" task",
      "echo": "cli test \"echo\" task",
      "fail_warn": "cli test \"fail_warn\" task",
      "fail_fatal": "cli test \"fail_fatal\" task"
    },
    "alias": {
      "default": [
        "test"
      ],
      "test": [
        "gtx-type:echoList:xm"
      ],
      "dev": [
        "gtx-type:echoList"
      ],
      "gtx:alpha": [
        "gtx-log:<001>",
        "echo:<002-alpha>",
        "echo:<003-alpha>",
        "gtx-log:<004>"
      ],
      "gtx:bravo": [
        "gtx-log:<005>",
        "echo:<006-bravo>",
        "echo:<007-bravo>",
        "gtx-log:<008>"
      ],
      "gtx:charlie": [
        "gtx-log:<009>",
        "echo:<010-charlie>",
        "echo:<011-charlie>",
        "gtx-log:<012>"
      ],
      "gtx:delta": [
        "gtx-log:<013>",
        "echo:<014-delta>",
        "echo:<015-delta>",
        "gtx-log:<016>"
      ],
      "gtx:echo": [
        "gtx-log:<017>",
        "echo:<018-echo>",
        "echo:<019-echo>",
        "gtx-log:<020>"
      ],
      "gtx:foxtrot": [
        "gtx-log:<021>",
        "echo:<022-foxtrot>",
        "echo:<023-foxtrot>",
        "gtx-log:<024>"
      ],
      "gtx:golf": [
        "gtx-log:<025>",
        "echo:<026-golf>",
        "echo:<027-golf>",
        "gtx-log:<028>"
      ],
      "gtx:hotel": [
        "gtx-log:<029>",
        "echo:<030-hotel>",
        "echo:<031-hotel>",
        "gtx-log:<032>"
      ],
      "gtx:india": [
        "gtx-log:<033>",
        "echo:<034-india>",
        "echo:<035-india>",
        "gtx-log:<036>"
      ],
      "gtx:tango": [
        "gtx-log:<037>",
        "echo:<038-tango>",
        "echo:<039-tango>",
        "gtx-log:<040>"
      ],
      "gtx:victory": [
        "gtx-log:<041>",
        "echo:<042-victory>",
        "echo:<043-victory>",
        "gtx-log:<044>"
      ],
      "gtx:oscar": [
        "gtx-log:<045>",
        "echo:<046-oscar>",
        "echo:<047-oscar>",
        "gtx-log:<048>"
      ],
      "gtx:mike": [
        "gtx-log:<049>",
        "echo:<050-mike>",
        "echo:<051-mike>",
        "gtx-log:<052>"
      ],
      "gtx:xray": [
        "gtx-log:<053>",
        "echo:<054-xray>",
        "echo:<055-xray>",
        "gtx-log:<056>"
      ],
      "gtx-group:slow": [
        "gtx:tango",
        "gtx:victory",
        "gtx:xray"
      ],
      "gtx-group:fast": [
        "gtx:oscar",
        "gtx:mike"
      ],
      "gtx-type:echoList": [
        "<057-conc>"
      ]
    }
  }
}
