{
	"parseHelp": {
		"task": {
			"gtx-log": "Log values to console",
			"dash-victor": "cli test \"dash-victor\" task",
			"write_file": "cli test \"write_file\" task",
			"fail_warn": "cli test \"fail_warn\" task"
		},
		"alias": {
			"default": [
				"echo:before",
				"dummies",
				"echo:after"
			],
			"dummies": [
				"dummy_tango:tango_one",
				"dummy_tango:tango-two",
				"echo:echo",
				"dash-victor:victor_one",
				"dash-victor:victor-two"
			],
			"tangos": [
				"dummy_tango:tango_one",
				"dummy_tango:tango_two"
			],
			"victors": [
				"dash-victor:victor_one",
				"dash-victor:victor-two"
			],
			"multi": [
				"echo:before",
				"echo:echo",
				"echo:after"
			],
			"gtx:Hank": [
				"gtx-log:{001}",
				"echo:{gtx_002_Hank}",
				"echo:{gtx_003_Hank}",
				"echo:{gtx_004_Hank}",
				"echo:{gtx_005_Hank}",
				"gtx-log:{006}"
			],
			"gtx:Jimmy": [
				"gtx-log:{007}",
				"echo:{gtx_008_Jimmy}",
				"echo:{gtx_009_Jimmy}",
				"echo:{gtx_010_Jimmy}",
				"echo:{gtx_011_Jimmy}",
				"gtx-log:{012}"
			],
			"gtx:Albert": [
				"gtx-log:{013}",
				"echo:{gtx_014_Albert}",
				"gtx-log:{015}"
			],
			"gtx-type:soundCheck": [
				"gtx:Hank",
				"gtx:Jimmy",
				"gtx:Albert"
			]
		}
	}
}